
> client@0.0.0 test
> vitest run


[1m[46m RUN [49m[22m [36mv4.0.18 [39m[90mC:/Users/ALE/Desktop/TRABAJOS EN SOLIDO/MAPTIVA/tienda-online-mvp[39m

node.exe : [90mstderr[2m | src/utils/__tests__/supabaseErrors.test.js[2m > [22m[2mhandleSupabaseError[2m > [22m[2mretorna mensaje gen├®rico con contexto para errores desconocidos
En C:\Program Files\nodejs\npm.ps1: 29 Carácter: 3
+   & $NODE_EXE $NPM_CLI_JS $args
+   ~~~~~~~~~~~~~~~~~~~~~~~~~~~~~
    + CategoryInfo          : NotSpecified: ([90mstderr[2m...es desconocidos:String) [], RemoteException
    + FullyQualifiedErrorId : NativeCommandError
 
[22m[39m[SupabaseError] al procesar el producto: { message: [32m'algo raro pas├│'[39m, code: [32m'UNKNOWN'[39m }

[90mstderr[2m | src/utils/__tests__/storageUtils.test.js[2m > [22m[2mgetStoragePath[2m > [22m[2mretorna null si el bucket no se encuentra en la URL
[22m[39m[StorageUtils] No se pudo encontrar el bucket "product-images" en la URL: https://xyz.supabase.co/storage/v1/object/public/otro-bucket/img.webp

[90mstderr[2m | src/utils/__tests__/supabaseErrors.test.js[2m > [22m[2mhandleSupabaseError[2m > [22m[2mretorna mensaje gen├®rico sin contexto para errores desconocidos
[22m[39m[SupabaseError]: { message: [32m'algo raro pas├│'[39m }

[90mstderr[2m | src/utils/__tests__/supabaseErrors.test.js[2m > [22m[2msafeSupabaseCall[2m > [22m[2mcaptura excepciones inesperadas
[22m[39m[SupabaseError] al procesar la consulta: Error: Network failure
    at C:/Users/ALE/Desktop/TRABAJOS EN SOLIDO/MAPTIVA/tienda-online-mvp/src/utils/__tests__/supabaseErrors.test.js:95:40
    at [90mfile:///C:/Users/ALE/Desktop/TRABAJOS%20EN%20SOLIDO/MAPTIVA/tienda-online-mvp/[39mnode_modules/[4m@vitest[24m/runner/dist/index.js:145:11
    at [90mfile:///C:/Users/ALE/Desktop/TRABAJOS%20EN%20SOLIDO/MAPTIVA/tienda-online-mvp/[39mnode_modules/[4m@vitest[24m/runner/dist/index.js:915:26
    at [90mfile:///C:/Users/ALE/Desktop/TRABAJOS%20EN%20SOLIDO/MAPTIVA/tienda-online-mvp/[39mnode_modules/[4m@vitest[24m/runner/dist/index.js:1243:20
    at new Promise (<anonymous>)
    at runWithTimeout [90m(file:///C:/Users/ALE/Desktop/TRABAJOS%20EN%20SOLIDO/MAPTIVA/tienda-online-mvp/[39mnode_modules/[4m@vitest[24m/runner/dist/index.js:1209:10[90m)[39m
    at [90mfile:///C:/Users/ALE/Desktop/TRABAJOS%20EN%20SOLIDO/MAPTIVA/tienda-online-mvp/[39mnode_modules/[4m@vitest[24m/runner/dist/index.js:1653:37
    at Traces.$ [90m(file:///C:/Users/ALE/Desktop/TRABAJOS%20EN%20SOLIDO/MAPTIVA/tienda-online-mvp/[39mnode_modules/[4mvitest[24m/dist/chunks/traces.CCmnQaNT.js:142:27[90m)[39m
    at trace [90m(file:///C:/Users/ALE/Desktop/TRABAJOS%20EN%20SOLIDO/MAPTIVA/tienda-online-mvp/[39mnode_modules/[4mvitest[24m/dist/chunks/test.B8ej_ZHS.js:239:21[90m)[39m
    at runTest [90m(file:///C:/Users/ALE/Desktop/TRABAJOS%20EN%20SOLIDO/MAPTIVA/tienda-online-mvp/[39mnode_modules/[4m@vitest[24m/runner/dist/index.js:1653:12[90m)[39m

 [32mÔ£ô[39m src/utils/__tests__/storageUtils.test.js [2m([22m[2m7 tests[22m[2m)[22m[32m 8[2mms[22m[39m
 [32mÔ£ô[39m src/utils/__tests__/supabaseErrors.test.js [2m([22m[2m17 tests[22m[2m)[22m[32m 18[2mms[22m[39m
 [32mÔ£ô[39m src/utils/__tests__/authRoles.test.js [2m([22m[2m6 tests[22m[2m)[22m[32m 5[2mms[22m[39m
 [32mÔ£ô[39m src/store/__tests__/useProductStore.test.js [2m([22m[2m10 tests[22m[2m)[22m[32m 13[2mms[22m[39m
 [32mÔ£ô[39m src/context/__tests__/CartContext.test.jsx [2m([22m[2m9 tests[22m[2m)[22m[32m 44[2mms[22m[39m
 [32mÔ£ô[39m src/components/WhatsAppButton.test.jsx [2m([22m[2m3 tests[22m[2m)[22m[32m 152[2mms[22m[39m
[90mstderr[2m | src/pages/admin/DiscountSettingsPage.test.tsx[2m > [22m[2mDiscountSettingsPage (Test de Ejemplo CI)[2m > [22m[2mdeber├¡a renderizar la p├ígina de configuraci├│n de descuentos sin estrellarse
[22m[39mAn update to DiscountSettingsPage inside a test was not wrapped in act(...).

When testing, code that causes React state updates should be wrapped into act(...):

act(() => {
  /* fire events that update state */
});
/* assert on the output */

This ensures that you're testing the behavior the user would see in the browser. Learn more at https://react.dev/link/wrap-tests-with-act
An update to DiscountSettingsPage inside a test was not wrapped in act(...).

When testing, code that causes React state updates should be wrapped into act(...):

act(() => {
  /* fire events that update state */
});
/* assert on the output */

This ensures that you're testing the behavior the user would see in the browser. Learn more at https://react.dev/link/wrap-tests-with-act

 [31mÔØ»[39m src/pages/admin/DiscountSettingsPage.test.tsx [2m([22m[2m1 test[22m[2m | [22m[31m1 failed[39m[2m)[22m[32m 40[2mms[22m[39m
[31m     [31m├ù[31m deber├¡a renderizar la p├ígina de configuraci├│n de descuentos sin estrellarse[39m[32m 38[2mms[22m[39m

[31mÔÄ»ÔÄ»ÔÄ»ÔÄ»ÔÄ»ÔÄ»ÔÄ»[39m[1m[41m Failed Tests 1 [49m[22m[31mÔÄ»ÔÄ»ÔÄ»ÔÄ»ÔÄ»ÔÄ»ÔÄ»[39m

[41m[1m FAIL [22m[49m src/pages/admin/DiscountSettingsPage.test.tsx[2m > [22mDiscountSettingsPage (Test de Ejemplo CI)[2m > [22mdeber├¡a renderizar la p├ígina de configuraci├│n de descuentos sin estrellarse
[31m[1mTestingLibraryElementError[22m: Unable to find an element with the text: /Incentiva tus ventas con beneficios por medio de pago/i. This could be because the text is broken up by multiple elements. In this case, you can provide a 
function for your text matcher to make your matcher more flexible.

Ignored nodes: comments, script, style
[36m<body>[31m
  [36m<div>[31m
    [36m<div[31m
      [33mclass[31m=[32m"flex flex-col items-center w-full h-full justify-center py-8"[31m
    [36m>[31m
      [36m<span[31m
        [33mclass[31m=[32m"mb-2"[31m
      [36m>[31m
        [36m<span[31m
          [33mclass[31m=[32m"block w-10 h-10 border-4 border-blue-400 border-t-transparent rounded-full animate-spin"[31m
        [36m/>[31m
      [36m</span>[31m
      [36m<span[31m
        [33mclass[31m=[32m"text-xl font-medium text-gray-700"[31m
      [36m>[31m
        [0mCargando [0m
        [0mCargando configuraci├│n de descuentos...[0m
      [36m</span>[31m
    [36m</div>[31m
  [36m</div>[31m
[36m</body>[31m[39m
[90m [2mÔØ»[22m Object.getElementError node_modules/@testing-library/dom/dist/config.js:[2m37:19[22m[39m
[90m [2mÔØ»[22m node_modules/@testing-library/dom/dist/query-helpers.js:[2m76:38[22m[39m
[90m [2mÔØ»[22m node_modules/@testing-library/dom/dist/query-helpers.js:[2m52:17[22m[39m
[90m [2mÔØ»[22m node_modules/@testing-library/dom/dist/query-helpers.js:[2m95:19[22m[39m
[36m [2mÔØ»[22m src/pages/admin/DiscountSettingsPage.test.tsx:[2m54:23[22m[39m
    [90m 52| [39m        // Ya que useCurrentStore.loading es false, deber├¡a renderizarÔÇª
    [90m 53| [39m        expect(screen.getByText(/Configuraci├│n de Descuentos/i)).toBeIÔÇª
    [90m 54| [39m        expect(screen.getByText(/Incentiva tus ventas con beneficios pÔÇª
    [90m   | [39m                      [31m^[39m
    [90m 55| [39m    })[33m;[39m
    [90m 56| [39m})[33m;[39m

[31m[2mÔÄ»ÔÄ»ÔÄ»ÔÄ»ÔÄ»ÔÄ»ÔÄ»ÔÄ»ÔÄ»ÔÄ»ÔÄ»ÔÄ»ÔÄ»ÔÄ»ÔÄ»ÔÄ»ÔÄ»ÔÄ»ÔÄ»ÔÄ»ÔÄ»ÔÄ»ÔÄ»ÔÄ»[1/1]ÔÄ»[22m[39m


[2m Test Files [22m [1m[31m1 failed[39m[22m[2m | [22m[1m[32m6 passed[39m[22m[90m (7)[39m
[2m      Tests [22m [1m[31m1 failed[39m[22m[2m | [22m[1m[32m52 passed[39m[22m[90m (53)[39m
[2m   Start at [22m 09:19:46
[2m   Duration [22m 2.12s[2m (transform 843ms, setup 892ms, import 1.65s, tests 280ms, environment 8.43s)[22m

